{
  "description": "Algorithm operation counts, not Lean timings or usability data.",
  "full_registry": {
    "status": "plan_checked",
    "kernel_checked": false,
    "goal": "injective (g_2 . f_1)",
    "support": [
      "outer_6",
      "retraction_5"
    ],
    "routes": [],
    "metrics": {
      "arena_terms": 5,
      "instance_attempts": 211,
      "ground_atoms": 60,
      "ground_rules": 211,
      "rule_tests": 633,
      "closure_additions": 7,
      "proof_nodes": 4
    },
    "detail": ""
  },
  "two_rule_profile": {
    "status": "plan_checked",
    "kernel_checked": false,
    "goal": "injective (g_2 . f_1)",
    "support": [
      "outer_6",
      "retraction_5"
    ],
    "routes": [],
    "metrics": {
      "arena_terms": 5,
      "instance_attempts": 16,
      "ground_atoms": 18,
      "ground_rules": 16,
      "rule_tests": 48,
      "closure_additions": 2,
      "proof_nodes": 4
    },
    "detail": ""
  }
}
