linting took 235ms
ring took 273ms
tactic execution of Mathlib.Tactic.LinearCombination.linearCombination took 238ms
ring took 304ms
tactic execution of Mathlib.Tactic.LinearCombination.linearCombination took 228ms
ring took 350ms
tactic execution of Mathlib.Tactic.LinearCombination.linearCombination took 196ms
ring took 459ms
tactic execution of Mathlib.Tactic.LinearCombination.linearCombination took 147ms
type checking took 142ms
ring took 731ms
tactic execution of Mathlib.Tactic.LinearCombination.linearCombination took 246ms
share common exprs took 329ms
elaboration took 126ms
type checking took 419ms
linting took 311ms
ring took 2.01s
tactic execution of Mathlib.Tactic.LinearCombination.linearCombination took 446ms
share common exprs took 1.28s
process pre-definitions took 500ms
elaboration took 568ms
type checking took 1.65s
linting took 1.19s
'lc_320' depends on axioms: [propext, Classical.choice, Quot.sound]
elaboration took 7.88s
cumulative profiling times:
	attribute application 0.189ms
	elaboration 8.73s
	fix level params 72.7ms
	instantiate metavars 0.161ms
	let-to-have transformation 0.418ms
	linting 1.96s
	module linting 0.0114ms
	norm_num 841ms
	overlappingInstancesLinter 40.8ms
	parsing 9.22ms
	process pre-definitions 636ms
	ring 4.12s
	share common exprs 1.77s
	tactic execution 1.5s
	tacticAnalysis 126ms
	type checking 2.34s
	typeclass inference 1.83s

real	1m4.660s
user	0m0.000s
sys	0m0.000s
