parsing took 0.407ms
parsing took 0.467ms
parsing took 0.412ms
parsing took 0.602ms
parsing took 0.566ms
parsing took 0.447ms
parsing took 0.926ms
parsing took 0.463ms
parsing took 0.53ms
parsing took 0.481ms
parsing took 0.0468ms
parsing took 0.318ms
parsing took 0.419ms
parsing took 0.488ms
parsing took 0.35ms
parsing took 0.973ms
parsing took 0.495ms
parsing took 0.117ms
linting took 0.0511ms
attribute application took 0.0104ms
typeclass inference of OfNat took 0.237ms
typeclass inference of OfNat took 0.212ms
typeclass inference of OfNat took 0.141ms
typeclass inference of Neg took 0.102ms
typeclass inference of OfNat took 0.225ms
typeclass inference of OfNat took 0.0211ms
typeclass inference of OfNat took 0.0175ms
instantiate metavars took 0.0317ms
instantiate metavars took 0.0017ms
let-to-have transformation took 0.0143ms
attribute application took 0.0056ms
attribute application took 0.0028ms
elaboration took 4.67ms
typeclass inference of Decidable took 0.648ms
typeclass inference of Decidable took 0.024ms
tactic execution of Lean.Parser.Tactic.decide took 21ms
tactic execution of Lean.Parser.Tactic.tacticSeq1Indented took 0.0812ms
tactic execution of Lean.Parser.Tactic.tacticSeq took 0.104ms
instantiate metavars took 0.006ms
instantiate metavars took 0.0016ms
instantiate metavars took 0.0012ms
instantiate metavars took 0.0012ms
instantiate metavars took 0.001ms
share common exprs took 0.101ms
fix level params took 0.0231ms
let-to-have transformation took 0.0118ms
attribute application took 0.009ms
attribute application took 0.0042ms
process pre-definitions took 0.424ms
elaboration took 1.5ms
type checking took 20.4ms
linting took 0.486ms
attribute application took 0.0066ms
typeclass inference of OfNat took 0.182ms
typeclass inference of OfNat took 0.238ms
typeclass inference of OfNat took 0.138ms
typeclass inference of Neg took 0.101ms
typeclass inference of OfNat took 0.16ms
typeclass inference of OfNat took 0.0169ms
typeclass inference of OfNat took 0.0203ms
instantiate metavars took 0.0359ms
instantiate metavars took 0.0015ms
let-to-have transformation took 0.0125ms
attribute application took 0.0045ms
attribute application took 0.0029ms
elaboration took 4.21ms
typeclass inference of Decidable took 0.61ms
typeclass inference of Decidable took 0.0185ms
tactic execution of Lean.Parser.Tactic.decide took 58ms
tactic execution of Lean.Parser.Tactic.tacticSeq1Indented took 0.0645ms
tactic execution of Lean.Parser.Tactic.tacticSeq took 0.0513ms
instantiate metavars took 0.0066ms
instantiate metavars took 0.0017ms
instantiate metavars took 0.0014ms
instantiate metavars took 0.0014ms
instantiate metavars took 0.001ms
share common exprs took 0.105ms
fix level params took 0.0227ms
let-to-have transformation took 0.0118ms
attribute application took 0.0086ms
attribute application took 0.0033ms
process pre-definitions took 0.575ms
elaboration took 1.78ms
type checking took 40.6ms
linting took 0.728ms
attribute application took 0.006ms
typeclass inference of OfNat took 0.229ms
typeclass inference of OfNat took 0.23ms
typeclass inference of OfNat took 0.144ms
typeclass inference of Neg took 0.0969ms
typeclass inference of OfNat took 0.195ms
typeclass inference of OfNat took 0.0261ms
typeclass inference of OfNat took 0.0236ms
instantiate metavars took 0.0239ms
instantiate metavars took 0.0019ms
let-to-have transformation took 0.0147ms
attribute application took 0.007ms
attribute application took 0.003ms
elaboration took 4.96ms
typeclass inference of Decidable took 0.536ms
typeclass inference of Decidable took 0.0119ms
tactic execution of Lean.Parser.Tactic.decide took 232ms
tactic execution of Lean.Parser.Tactic.tacticSeq1Indented took 0.0626ms
tactic execution of Lean.Parser.Tactic.tacticSeq took 0.0631ms
instantiate metavars took 0.0112ms
instantiate metavars took 0.0016ms
instantiate metavars took 0.0014ms
instantiate metavars took 0.0016ms
instantiate metavars took 0.0012ms
share common exprs took 0.128ms
fix level params took 0.0266ms
let-to-have transformation took 0.0134ms
attribute application took 0.0092ms
attribute application took 0.0037ms
process pre-definitions took 0.361ms
elaboration took 3.53ms
type checking took 151ms
linting took 0.469ms
attribute application took 0.0096ms
typeclass inference of OfNat took 0.224ms
typeclass inference of OfNat took 0.145ms
typeclass inference of OfNat took 0.0676ms
typeclass inference of Neg took 0.126ms
typeclass inference of OfNat took 0.199ms
typeclass inference of OfNat took 0.0266ms
typeclass inference of OfNat took 0.0229ms
instantiate metavars took 0.0496ms
instantiate metavars took 0.0036ms
let-to-have transformation took 0.0293ms
attribute application took 0.0137ms
attribute application took 0.007ms
elaboration took 6.09ms
typeclass inference of Decidable took 0.694ms
typeclass inference of Decidable took 0.0226ms
tactic execution of Lean.Parser.Tactic.decide took 822ms
tactic execution of Lean.Parser.Tactic.tacticSeq1Indented took 0.0801ms
tactic execution of Lean.Parser.Tactic.tacticSeq took 0.0531ms
instantiate metavars took 0.0117ms
instantiate metavars took 0.0019ms
instantiate metavars took 0.001ms
instantiate metavars took 0.0014ms
instantiate metavars took 0.001ms
share common exprs took 0.114ms
fix level params took 0.0335ms
let-to-have transformation took 0.0125ms
attribute application took 0.0102ms
attribute application took 0.0036ms
process pre-definitions took 0.454ms
elaboration took 10ms
type checking took 604ms
linting took 0.459ms
attribute application took 0.0072ms
typeclass inference of OfNat took 0.259ms
typeclass inference of OfNat took 0.842ms
typeclass inference of OfNat took 0.178ms
typeclass inference of Neg took 0.112ms
typeclass inference of OfNat took 0.186ms
typeclass inference of OfNat took 0.0939ms
typeclass inference of OfNat took 0.0214ms
instantiate metavars took 0.0223ms
instantiate metavars took 0.0014ms
let-to-have transformation took 0.0147ms
attribute application took 0.0058ms
attribute application took 0.0027ms
elaboration took 5.45ms
typeclass inference of Decidable took 0.685ms
typeclass inference of Decidable took 0.0182ms
tactic execution of Lean.Parser.Tactic.decide took 1.61s
tactic execution of Lean.Parser.Tactic.tacticSeq1Indented took 0.0781ms
tactic execution of Lean.Parser.Tactic.tacticSeq took 0.0528ms
instantiate metavars took 0.0125ms
instantiate metavars took 0.0014ms
instantiate metavars took 0.0009ms
instantiate metavars took 0.0011ms
instantiate metavars took 0.0009ms
share common exprs took 0.0984ms
fix level params took 0.0219ms
let-to-have transformation took 0.0107ms
attribute application took 0.0078ms
attribute application took 0.0029ms
process pre-definitions took 0.433ms
elaboration took 24.4ms
type checking took 1.05s
linting took 0.397ms
attribute application took 0.0064ms
typeclass inference of OfNat took 0.199ms
typeclass inference of OfNat took 0.56ms
typeclass inference of OfNat took 0.333ms
typeclass inference of Neg took 0.219ms
typeclass inference of OfNat took 0.383ms
typeclass inference of OfNat took 0.0389ms
typeclass inference of OfNat took 0.0363ms
instantiate metavars took 0.045ms
instantiate metavars took 0.0033ms
let-to-have transformation took 0.0263ms
attribute application took 0.0114ms
attribute application took 0.0064ms
elaboration took 8.32ms
typeclass inference of Decidable took 0.656ms
type checking took 2.67s
compilation (LCNF base) took 1.54ms
compilation (LCNF mono) took 0.219ms
compilation (LCNF mono) took 0.989ms
compilation (LCNF impure) took 0.524ms
compilation (IR) took 0.0903ms
interpretation of native_10._native.native_decide.decl_1_1 took 22.4ms
tactic execution of Lean.Parser.Tactic.nativeDecide took 2.61ms
tactic execution of Lean.Parser.Tactic.tacticSeq1Indented took 0.084ms
tactic execution of Lean.Parser.Tactic.tacticSeq took 0.0573ms
instantiate metavars took 0.0067ms
instantiate metavars took 0.0012ms
instantiate metavars took 0.0011ms
instantiate metavars took 0.0011ms
instantiate metavars took 0.0008ms
share common exprs took 0.0984ms
fix level params took 0.0243ms
let-to-have transformation took 0.0125ms
attribute application took 0.0092ms
attribute application took 0.0033ms
process pre-definitions took 0.471ms
elaboration took 0.782ms
type checking took 0.218ms
type checking took 0.274ms
linting took 0.396ms
attribute application took 0.0102ms
typeclass inference of OfNat took 0.262ms
typeclass inference of OfNat took 0.242ms
typeclass inference of OfNat took 0.189ms
typeclass inference of Neg took 0.131ms
typeclass inference of OfNat took 0.231ms
typeclass inference of OfNat took 0.0228ms
typeclass inference of OfNat took 0.019ms
instantiate metavars took 0.0323ms
instantiate metavars took 0.0018ms
let-to-have transformation took 0.0787ms
attribute application took 0.0101ms
attribute application took 0.0021ms
elaboration took 7.11ms
typeclass inference of Decidable took 0.873ms
type checking took 2.69s
compilation (LCNF base) took 1.59ms
compilation (LCNF mono) took 0.192ms
compilation (LCNF mono) took 0.628ms
compilation (LCNF impure) took 0.542ms
compilation (IR) took 0.0834ms
interpretation of native_40._native.native_decide.decl_1_1 took 6.31ms
tactic execution of Lean.Parser.Tactic.nativeDecide took 2.49ms
tactic execution of Lean.Parser.Tactic.tacticSeq1Indented took 0.0552ms
tactic execution of Lean.Parser.Tactic.tacticSeq took 0.0658ms
instantiate metavars took 0.007ms
instantiate metavars took 0.0019ms
instantiate metavars took 0.0009ms
instantiate metavars took 0.0011ms
instantiate metavars took 0.0008ms
share common exprs took 0.0939ms
fix level params took 0.0194ms
let-to-have transformation took 0.0101ms
attribute application took 0.0078ms
attribute application took 0.0029ms
process pre-definitions took 0.285ms
elaboration took 0.924ms
type checking took 0.15ms
type checking took 0.275ms
linting took 0.394ms
attribute application took 0.0091ms
typeclass inference of OfNat took 0.34ms
typeclass inference of OfNat took 0.227ms
typeclass inference of OfNat took 0.156ms
typeclass inference of Neg took 0.105ms
typeclass inference of OfNat took 0.186ms
typeclass inference of OfNat took 0.0186ms
typeclass inference of OfNat took 0.0193ms
instantiate metavars took 0.0245ms
instantiate metavars took 0.0015ms
let-to-have transformation took 0.0156ms
attribute application took 0.0064ms
attribute application took 0.0034ms
elaboration took 4.98ms
typeclass inference of Decidable took 0.64ms
type checking took 2.7s
compilation (LCNF base) took 1.9ms
compilation (LCNF mono) took 0.196ms
compilation (LCNF mono) took 0.717ms
compilation (LCNF impure) took 0.678ms
compilation (IR) took 0.213ms
interpretation of native_160._native.native_decide.decl_1_1 took 6.83ms
tactic execution of Lean.Parser.Tactic.nativeDecide took 2.44ms
tactic execution of Lean.Parser.Tactic.tacticSeq1Indented took 0.0688ms
tactic execution of Lean.Parser.Tactic.tacticSeq took 0.0727ms
instantiate metavars took 0.0074ms
instantiate metavars took 0.0013ms
instantiate metavars took 0.0009ms
instantiate metavars took 0.0233ms
instantiate metavars took 0.001ms
share common exprs took 0.0926ms
fix level params took 0.021ms
let-to-have transformation took 0.0112ms
attribute application took 0.007ms
attribute application took 0.0028ms
process pre-definitions took 0.231ms
elaboration took 1.03ms
type checking took 0.211ms
type checking took 0.261ms
linting took 0.44ms
attribute application took 0.0075ms
typeclass inference of OfNat took 0.257ms
typeclass inference of OfNat took 0.237ms
typeclass inference of OfNat took 0.155ms
typeclass inference of Neg took 0.11ms
typeclass inference of OfNat took 0.226ms
typeclass inference of OfNat took 0.0191ms
typeclass inference of OfNat took 0.0179ms
instantiate metavars took 0.0229ms
instantiate metavars took 0.0017ms
let-to-have transformation took 0.014ms
attribute application took 0.0055ms
attribute application took 0.0033ms
elaboration took 4.67ms
typeclass inference of Decidable took 0.718ms
type checking took 2.7s
compilation (LCNF base) took 1.55ms
compilation (LCNF mono) took 0.199ms
compilation (LCNF mono) took 0.628ms
compilation (LCNF impure) took 0.663ms
compilation (IR) took 0.103ms
interpretation of native_640._native.native_decide.decl_1_1 took 8.99ms
tactic execution of Lean.Parser.Tactic.nativeDecide took 2.25ms
tactic execution of Lean.Parser.Tactic.tacticSeq1Indented took 0.0653ms
tactic execution of Lean.Parser.Tactic.tacticSeq took 0.0515ms
instantiate metavars took 0.0085ms
instantiate metavars took 0.0013ms
instantiate metavars took 0.0009ms
instantiate metavars took 0.0012ms
instantiate metavars took 0.001ms
share common exprs took 0.0923ms
fix level params took 0.0218ms
let-to-have transformation took 0.011ms
attribute application took 0.0101ms
attribute application took 0.0029ms
process pre-definitions took 0.325ms
elaboration took 0.883ms
type checking took 0.216ms
type checking took 0.248ms
linting took 0.403ms
attribute application took 0.0075ms
typeclass inference of OfNat took 0.312ms
typeclass inference of OfNat took 0.327ms
typeclass inference of OfNat took 0.176ms
typeclass inference of Neg took 0.135ms
typeclass inference of OfNat took 0.211ms
typeclass inference of OfNat took 0.0234ms
typeclass inference of OfNat took 0.0186ms
instantiate metavars took 0.0235ms
instantiate metavars took 0.0016ms
let-to-have transformation took 0.0152ms
attribute application took 0.0063ms
attribute application took 0.0037ms
elaboration took 6.1ms
typeclass inference of Decidable took 0.522ms
type checking took 2.71s
compilation (LCNF base) took 1.49ms
compilation (LCNF mono) took 0.193ms
compilation (LCNF mono) took 0.624ms
compilation (LCNF impure) took 0.492ms
compilation (IR) took 0.084ms
interpretation of native_1280._native.native_decide.decl_1_1 took 11.8ms
tactic execution of Lean.Parser.Tactic.nativeDecide took 2.34ms
tactic execution of Lean.Parser.Tactic.tacticSeq1Indented took 0.0389ms
tactic execution of Lean.Parser.Tactic.tacticSeq took 0.0392ms
instantiate metavars took 0.0082ms
instantiate metavars took 0.0013ms
instantiate metavars took 0.0009ms
instantiate metavars took 0.0012ms
instantiate metavars took 0.0009ms
share common exprs took 0.099ms
fix level params took 0.0194ms
let-to-have transformation took 0.0103ms
attribute application took 0.0068ms
attribute application took 0.0029ms
process pre-definitions took 0.204ms
elaboration took 0.564ms
type checking took 0.219ms
type checking took 0.277ms
linting took 0.388ms
elaboration took 0.159ms
linting took 0.105ms
attribute application took 0.0081ms
instantiate metavars took 0.0073ms
instantiate metavars took 0.0017ms
typeclass inference of OfNat took 0.246ms
typeclass inference of OfNat took 0.0198ms
typeclass inference of OfNat took 0.185ms
typeclass inference of OfNat took 0.358ms
typeclass inference of OfNat took 0.181ms
typeclass inference of OfNat took 0.184ms
instantiate metavars took 0.018ms
instantiate metavars took 0.0017ms
instantiate metavars took 0.0011ms
instantiate metavars took 0.0013ms
instantiate metavars took 0.0011ms
share common exprs took 0.0538ms
fix level params took 0.0133ms
let-to-have transformation took 0.0065ms
let-to-have transformation took 0.0077ms
attribute application took 0.0092ms
attribute application took 0.0042ms
process pre-definitions took 0.497ms
elaboration took 4.53ms
type checking took 0.113ms
compilation (LCNF base) took 1.08ms
compilation (LCNF mono) took 0.208ms
compilation (LCNF mono) took 0.714ms
compilation (LCNF impure) took 0.653ms
compilation (IR) took 0.103ms
linting took 0.318ms
attribute application took 0.0075ms
instantiate metavars took 0.007ms
instantiate metavars took 0.0015ms
typeclass inference of OfNat took 0.218ms
typeclass inference of OfNat took 0.191ms
instantiate metavars took 0.0135ms
instantiate metavars took 0.0017ms
instantiate metavars took 0.0011ms
instantiate metavars took 0.0013ms
instantiate metavars took 0.0009ms
share common exprs took 0.07ms
fix level params took 0.0124ms
let-to-have transformation took 0.0081ms
let-to-have transformation took 0.0053ms
attribute application took 0.0109ms
attribute application took 0.003ms
process pre-definitions took 0.598ms
elaboration took 3.46ms
type checking took 0.112ms
compilation (LCNF base) took 0.748ms
compilation (LCNF mono) took 0.17ms
compilation (LCNF mono) took 0.472ms
compilation (LCNF impure) took 0.396ms
compilation (IR) took 0.0642ms
linting took 0.352ms
attribute application took 0.0078ms
typeclass inference of OfNat took 0.293ms
typeclass inference of OfNat took 0.299ms
typeclass inference of OfNat took 0.196ms
typeclass inference of BEq took 1.97ms
typeclass inference of OfNat took 0.209ms
instantiate metavars took 0.0329ms
instantiate metavars took 0.0033ms
let-to-have transformation took 0.0239ms
attribute application took 0.0108ms
attribute application took 0.0022ms
elaboration took 3.56ms
typeclass inference of Decidable took 0.731ms
typeclass inference of Decidable took 0.0197ms
tactic execution of Lean.Parser.Tactic.decide took 20.7ms
tactic execution of Lean.Parser.Tactic.tacticSeq1Indented took 0.0656ms
tactic execution of Lean.Parser.Tactic.tacticSeq took 0.0782ms
instantiate metavars took 0.0066ms
instantiate metavars took 0.0018ms
instantiate metavars took 0.0012ms
instantiate metavars took 0.0015ms
instantiate metavars took 0.0012ms
share common exprs took 0.101ms
fix level params took 0.0204ms
let-to-have transformation took 0.0104ms
attribute application took 0.0097ms
attribute application took 0.0043ms
process pre-definitions took 0.401ms
elaboration took 1.28ms
type checking took 9.11ms
linting took 0.388ms
attribute application took 0.0138ms
typeclass inference of OfNat took 0.253ms
typeclass inference of GetElem? took 0.499ms
typeclass inference of OfNat took 0.192ms
typeclass inference of GetElem? took 0.383ms
typeclass inference of OfNat took 0.225ms
typeclass inference of OfNat took 0.151ms
typeclass inference of GetElem? took 0.414ms
typeclass inference of OfNat took 0.17ms
typeclass inference of Neg took 0.181ms
typeclass inference of OfNat took 0.157ms
typeclass inference of GetElem? took 0.36ms
typeclass inference of OfNat took 0.174ms
typeclass inference of Neg took 0.142ms
typeclass inference of CoeT took 0.239ms
typeclass inference of CoeT took 0.24ms
typeclass inference of OfNat took 0.181ms
typeclass inference of GetElem? took 0.392ms
typeclass inference of OfNat took 0.177ms
typeclass inference of Neg took 0.148ms
typeclass inference of OfNat took 0.142ms
typeclass inference of GetElem? took 0.402ms
typeclass inference of OfNat took 0.16ms
typeclass inference of Neg took 0.126ms
typeclass inference of OfNat took 0.134ms
typeclass inference of GetElem? took 0.354ms
typeclass inference of OfNat took 0.152ms
typeclass inference of Neg took 0.121ms
typeclass inference of OfNat took 0.147ms
typeclass inference of GetElem? took 0.397ms
typeclass inference of OfNat took 0.205ms
typeclass inference of OfNat took 0.162ms
typeclass inference of GetElem? took 0.364ms
typeclass inference of OfNat took 0.157ms
typeclass inference of GetElem? took 0.366ms
typeclass inference of GetElem? took 1.11ms
instantiate metavars took 0.032ms
instantiate metavars took 0.0017ms
let-to-have transformation took 0.0175ms
attribute application took 0.0115ms
attribute application took 0.004ms
elaboration took 4.36ms
typeclass inference of Decidable took 2.31ms
typeclass inference of Decidable took 0.023ms
tactic execution of Lean.Parser.Tactic.decide took 15.7ms
tactic execution of Lean.Parser.Tactic.tacticSeq1Indented took 0.0719ms
tactic execution of Lean.Parser.Tactic.tacticSeq took 0.077ms
instantiate metavars took 0.0086ms
instantiate metavars took 0.0018ms
instantiate metavars took 0.0013ms
instantiate metavars took 0.0014ms
instantiate metavars took 0.0012ms
share common exprs took 0.124ms
fix level params took 0.0225ms
let-to-have transformation took 0.0109ms
attribute application took 0.0082ms
attribute application took 0.0038ms
process pre-definitions took 0.392ms
elaboration took 1.43ms
type checking took 7.17ms
linting took 0.371ms
attribute application took 0.0091ms
instantiate metavars took 0.0082ms
instantiate metavars took 0.0018ms
typeclass inference of CoeT took 1.75ms
typeclass inference of OfNat took 0.238ms
typeclass inference of OfNat took 0.156ms
typeclass inference of HMul took 0.762ms
typeclass inference of HAdd took 0.623ms
typeclass inference of HAdd took 1.33ms
typeclass inference of HMul took 0.955ms
typeclass inference of OfNat took 0.217ms
typeclass inference of OfNat took 0.241ms
typeclass inference of OfNat took 0.198ms
typeclass inference of OfNat took 0.193ms
typeclass inference of OfNat took 0.164ms
typeclass inference of HSub took 0.696ms
typeclass inference of HSub took 0.712ms
typeclass inference of OfNat took 0.0217ms
instantiate meparsing took 0.152ms
parsing took 0.111ms
parsing took 0.0026ms
tavars took 0.0239ms
instantiate metavars took 0.0036ms
instantiate metavars took 0.0022ms
instantiate metavars took 0.0029ms
instantiate metavars took 0.0023ms
share common exprs took 0.229ms
fix level params took 0.0334ms
let-to-have transformation took 0.0142ms
let-to-have transformation took 0.015ms
attribute application took 0.0132ms
attribute application took 0.0037ms
process pre-definitions took 1.45ms
elaboration took 6.92ms
type checking took 0.262ms
compilation (LCNF base) took 2.44ms
compilation (LCNF mono) took 0.398ms
compilation (LCNF mono) took 0.236ms
compilation (LCNF impure) took 0.261ms
compilation (IR) took 0.0613ms
compilation (LCNF mono) took 0.454ms
compilation (LCNF impure) took 0.38ms
compilation (IR) took 0.118ms
linting took 0.638ms
attribute application took 0.0456ms
typeclass inference of OfNat took 0.242ms
typeclass inference of OfNat took 0.0197ms
typeclass inference of OfNat took 0.0208ms
typeclass inference of OfNat took 0.0187ms
typeclass inference of OfNat took 0.0192ms
typeclass inference of OfNat took 0.234ms
typeclass inference of OfNat took 0.359ms
typeclass inference of OfNat took 0.0371ms
typeclass inference of OfNat took 0.0336ms
typeclass inference of OfNat took 0.0331ms
typeclass inference of OfNat took 0.0334ms
typeclass inference of OfNat took 0.0332ms
typeclass inference of OfNat took 0.0444ms
typeclass inference of OfNat took 0.0368ms
instantiate metavars took 0.0833ms
instantiate metavars took 0.0037ms
let-to-have transformation took 0.0394ms
attribute application took 0.0111ms
attribute application took 0.0068ms
elaboration took 13.2ms
typeclass inference of Decidable took 2.72ms
typeclass inference of Decidable took 0.0728ms
tactic execution of Lean.Parser.Tactic.decide took 13.3ms
tactic execution of Lean.Parser.Tactic.tacticSeq1Indented took 0.0803ms
tactic execution of Lean.Parser.Tactic.tacticSeq took 0.061ms
instantiate metavars took 0.0091ms
instantiate metavars took 0.0016ms
instantiate metavars took 0.0013ms
instantiate metavars took 0.0014ms
instantiate metavars took 0.0011ms
share common exprs took 0.156ms
fix level params took 0.0264ms
let-to-have transformation took 0.0139ms
attribute application took 0.0096ms
attribute application took 0.0036ms
process pre-definitions took 0.537ms
elaboration took 1.85ms
type checking took 7.9ms
linting took 1.07ms
'catalan_jet_ok' does not depend on any axioms
elaboration took 2.7s
linting took 0.164ms
'kernel_1280' does not depend on any axioms
elaboration took 0.987ms
linting took 0.0925ms
'native_1280' depends on axioms: [native_1280._native.native_decide.ax_1_1]
elaboration took 0.984ms
linting took 0.0811ms
elaboration took 0.0461ms
linting took 0.0838ms
module linting took 0.0066ms
cumulative profiling times:
	attribute application 0.451ms
	compilation (IR) 0.914ms
	compilation (LCNF base) 12.3ms
	compilation (LCNF impure) 4.58ms
	compilation (LCNF mono) 7.22ms
	elaboration 2.85s
	fix level params 0.35ms
	instantiate metavars 0.677ms
	interpretation 56.4ms
	let-to-have transformation 0.487ms
	linting 8.33ms
	module linting 0.0053ms
	parsing 8.77ms
	process pre-definitions 7.62ms
	share common exprs 1.74ms
	tactic execution 2.8s
	type checking 15.4s
	typeclass inference 46.9ms

real	0m11.303s
user	0m0.000s
sys	0m0.047s
