parsing took 0.317ms
parsing took 0.261ms
parsing took 0.264ms
parsing took 0.253ms
parsing took 0.608ms
parsing took 0.469ms
parsing took 0.524ms
parsing took 0.467ms
parsing took 0.439ms
parsing took 0.431ms
parsing took 0.0465ms
parsing took 0.268ms
parsing took 0.294ms
parsing took 0.257ms
parsing took 0.344ms
parsing took 0.76ms
parsing took 0.637ms
parsing took 0.52ms
parsing took 0.488ms
parsing took 1ms
linting took 4.84ms
attribute application took 0.0052ms
typeclass inference of OfNat took 0.151ms
typeclass inference of OfNat took 0.132ms
typeclass inference of OfNat took 0.0607ms
typeclass inference of Neg took 0.0472ms
typeclass inference of OfNat took 0.077ms
typeclass inference of OfNat took 0.0086ms
typeclass inference of OfNat took 0.006ms
instantiate metavars took 0.0116ms
instantiate metavars took 0.0006ms
let-to-have transformation took 0.0092ms
attribute application took 0.0044ms
attribute application took 0.0011ms
elaboration took 2.35ms
typeclass inference of Decidable took 0.636ms
typeclass inference of Decidable took 0.0195ms
tactic execution of Lean.Parser.Tactic.decide took 19.9ms
tactic execution of Lean.Parser.Tactic.tacticSeq1Indented took 0.514ms
tactic execution of Lean.Parser.Tactic.tacticSeq took 0.708ms
instantiate metavars took 0.0056ms
instantiate metavars took 0.0016ms
instantiate metavars took 0.0011ms
instantiate metavars took 0.0013ms
instantiate metavars took 0.0012ms
share common exprs took 0.109ms
fix level params took 0.0234ms
let-to-have transformation took 0.0108ms
attribute application took 0.0069ms
attribute application took 0.0028ms
process pre-definitions took 0.233ms
elaboration took 3.21ms
type checking took 13ms
linting took 0.413ms
attribute application took 0.003ms
typeclass inference of OfNat took 0.116ms
typeclass inference of OfNat took 0.113ms
typeclass inference of OfNat took 0.057ms
typeclass inference of Neg took 0.148ms
typeclass inference of OfNat took 0.0821ms
typeclass inference of OfNat took 0.008ms
typeclass inference of OfNat took 0.0066ms
instantiate metavars took 0.0118ms
instantiate metavars took 0.0005ms
let-to-have transformation took 0.008ms
attribute application took 0.0028ms
attribute application took 0.0008ms
elaboration took 1.93ms
typeclass inference of Decidable took 0.614ms
typeclass inference of Decidable took 0.0175ms
tactic execution of Lean.Parser.Tactic.decide took 42.3ms
tactic execution of Lean.Parser.Tactic.tacticSeq1Indented took 0.504ms
tactic execution of Lean.Parser.Tactic.tacticSeq took 0.0619ms
instantiate metavars took 0.0054ms
instantiate metavars took 0.0009ms
instantiate metavars took 0.0005ms
instantiate metavars took 0.0005ms
instantiate metavars took 0.0004ms
share common exprs took 0.079ms
fix level params took 0.0179ms
let-to-have transformation took 0.0094ms
attribute application took 0.0074ms
attribute application took 0.002ms
process pre-definitions took 0.455ms
elaboration took 1.48ms
type checking took 25.8ms
linting took 0.447ms
attribute application took 0.0035ms
typeclass inference of OfNat took 0.114ms
typeclass inference of OfNat took 0.111ms
typeclass inference of OfNat took 0.0599ms
typeclass inference of Neg took 0.0445ms
typeclass inference of OfNat took 0.0764ms
typeclass inference of OfNat took 0.0071ms
typeclass inference of OfNat took 0.0063ms
instantiate metavars took 0.0123ms
instantiate metavars took 0.0005ms
let-to-have transformation took 0.009ms
attribute application took 0.0026ms
attribute application took 0.001ms
elaboration took 1.84ms
typeclass inference of Decidable took 0.662ms
typeclass inference of Decidable took 0.0092ms
tactic execution of Lean.Parser.Tactic.decide took 144ms
tactic execution of Lean.Parser.Tactic.tacticSeq1Indented took 0.0514ms
tactic execution of Lean.Parser.Tactic.tacticSeq took 0.0419ms
instantiate metavars took 0.0068ms
instantiate metavars took 0.0006ms
instantiate metavars took 0.0004ms
instantiate metavars took 0.0003ms
instantiate metavars took 0.0003ms
share common exprs took 0.072ms
fix level params took 0.0145ms
let-to-have transformation took 0.0076ms
attribute application took 0.0051ms
attribute application took 0.0016ms
process pre-definitions took 0.186ms
elaboration took 2.02ms
type checking took 103ms
linting took 0.515ms
attribute application took 0.0026ms
typeclass inference of OfNat took 0.121ms
typeclass inference of OfNat took 0.121ms
typeclass inference of OfNat took 0.371ms
typeclass inference of Neg took 0.0653ms
typeclass inference of OfNat took 0.269ms
typeclass inference of OfNat took 0.0211ms
typeclass inference of OfNat took 0.0208ms
instantiate metavars took 0.0228ms
instantiate metavars took 0.002ms
let-to-have transformation took 0.013ms
attribute application took 0.005ms
attribute application took 0.0037ms
elaboration took 4.36ms
typeclass inference of Decidable took 0.363ms
typeclass inference of Decidable took 0.0082ms
tactic execution of Lean.Parser.Tactic.decide took 459ms
tactic execution of Lean.Parser.Tactic.tacticSeq1Indented took 0.0597ms
tactic execution of Lean.Parser.Tactic.tacticSeq took 0.0471ms
instantiate metavars took 0.0115ms
instantiate metavars took 0.0014ms
instantiate metavars took 0.001ms
instantiate metavars took 0.0013ms
instantiate metavars took 0.0009ms
share common exprs took 0.113ms
fix level params took 0.0232ms
let-to-have transformation took 0.0113ms
attribute application took 0.0075ms
attribute application took 0.0039ms
process pre-definitions took 0.318ms
elaboration took 9.15ms
type checking took 291ms
linting took 0.355ms
attribute application took 0.0146ms
typeclass inference of OfNat took 0.204ms
typeclass inference of OfNat took 0.294ms
typeclass inference of OfNat took 0.166ms
typeclass inference of Neg took 0.122ms
typeclass inference of OfNat took 0.18ms
typeclass inference of OfNat took 0.0184ms
typeclass inference of OfNat took 0.0208ms
instantiate metavars took 0.0271ms
instantiate metavars took 0.0015ms
let-to-have transformation took 0.013ms
attribute application took 0.005ms
attribute application took 0.0027ms
elaboration took 4.84ms
typeclass inference of Decidable took 0.626ms
typeclass inference of Decidable took 0.0184ms
tactic execution of Lean.Parser.Tactic.decide took 753ms
tactic execution of Lean.Parser.Tactic.tacticSeq1Indented took 0.0507ms
tactic execution of Lean.Parser.Tactic.tacticSeq took 0.0429ms
instantiate metavars took 0.0107ms
instantiate metavars took 0.0011ms
instantiate metavars took 0.0003ms
instantiate metavars took 0.0003ms
instantiate metavars took 0.0002ms
share common exprs took 0.0626ms
fix level params took 0.0129ms
let-to-have transformation took 0.0077ms
attribute application took 0.0055ms
attribute application took 0.0014ms
process pre-definitions took 0.198ms
elaboration took 17.9ms
type checking took 532ms
linting took 0.445ms
attribute application took 0.0066ms
typeclass inference of OfNat took 0.197ms
typeclass inference of OfNat took 0.207ms
typeclass inference of OfNat took 0.139ms
typeclass inference of Neg took 0.0978ms
typeclass inference of OfNat took 0.185ms
typeclass inference of OfNat took 0.0205ms
typeclass inference of OfNat took 0.0193ms
instantiate metavars took 0.0249ms
instantiate metavars took 0.0017ms
let-to-have transformation took 0.0132ms
attribute application took 0.0051ms
attribute application took 0.0027ms
elaboration took 4.76ms
typeclass inference of Decidable took 0.92ms
type checking took 1.29s
compilation (LCNF base) took 2.59ms
compilation (LCNF mono) took 0.0955ms
compilation (LCNF mono) took 0.572ms
compilation (LCNF impure) took 0.301ms
compilation (IR) took 0.0577ms
interpretation of native_10._native.native_decide.decl_1_1 took 17.3ms
tactic execution of Lean.Parser.Tactic.nativeDecide took 3.66ms
tactic execution of Lean.Parser.Tactic.tacticSeq1Indented took 0.0531ms
tactic execution of Lean.Parser.Tactic.tacticSeq took 0.0564ms
instantiate metavars took 0.0055ms
instantiate metavars took 0.0004ms
instantiate metavars took 0.0003ms
instantiate metavars took 0.0003ms
instantiate metavars took 0.0002ms
share common exprs took 0.157ms
fix level params took 0.0225ms
let-to-have transformation took 0.0109ms
attribute application took 0.0055ms
attribute application took 0.0011ms
process pre-definitions took 0.376ms
elaboration took 0.683ms
type checking took 0.263ms
type checking took 0.362ms
linting took 0.337ms
attribute application took 0.0046ms
typeclass inference of OfNat took 0.201ms
typeclass inference of OfNat took 0.229ms
typeclass inference of OfNat took 0.212ms
typeclass inference of Neg took 0.116ms
typeclass inference of OfNat took 0.183ms
typeclass inference of OfNat took 0.0187ms
typeclass inference of OfNat took 0.0167ms
instantiate metavars took 0.0239ms
instantiate metavars took 0.0015ms
let-to-have transformation took 0.0137ms
attribute application took 0.005ms
attribute application took 0.003ms
elaboration took 4.27ms
typeclass inference of Decidable took 0.615ms
type checking took 1.31s
compilation (LCNF base) took 1.5ms
compilation (LCNF mono) took 0.223ms
compilation (LCNF mono) took 0.721ms
compilation (LCNF impure) took 0.695ms
compilation (IR) took 0.0891ms
interpretation of native_40._native.native_decide.decl_1_1 took 5.51ms
tactic execution of Lean.Parser.Tactic.nativeDecide took 2.77ms
tactic execution of Lean.Parser.Tactic.tacticSeq1Indented took 0.0531ms
tactic execution of Lean.Parser.Tactic.tacticSeq took 0.065ms
instantiate metavars took 0.0072ms
instantiate metavars took 0.0013ms
instantiate metavars took 0.001ms
instantiate metavars took 0.0012ms
instantiate metavars took 0.0008ms
share common exprs took 0.128ms
fix level params took 0.0215ms
let-to-have transformation took 0.0099ms
attribute application took 0.0071ms
attribute application took 0.0041ms
process pre-definitions took 0.246ms
elaboration took 0.646ms
type checking took 0.241ms
type checking took 0.268ms
linting took 0.262ms
attribute application took 0.0065ms
typeclass inference of OfNat took 0.188ms
typeclass inference of OfNat took 0.237ms
typeclass inference of OfNat took 0.255ms
typeclass inference of Neg took 0.113ms
typeclass inference of OfNat took 0.195ms
typeclass inference of OfNat took 0.0192ms
typeclass inference of OfNat took 0.0166ms
instantiate metavars took 0.0301ms
instantiate metavars took 0.0016ms
let-to-have transformation took 0.0128ms
attribute application took 0.0052ms
attribute application took 0.0031ms
elaboration took 4.16ms
typeclass inference of Decidable took 0.649ms
type checking took 1.32s
compilation (LCNF base) took 1.48ms
compilation (LCNF mono) took 0.206ms
compilation (LCNF mono) took 0.526ms
compilation (LCNF impure) took 0.437ms
compilation (IR) took 0.0751ms
interpretation of native_160._native.native_decide.decl_1_1 took 5.08ms
tactic execution of Lean.Parser.Tactic.nativeDecide took 1.99ms
tactic execution of Lean.Parser.Tactic.tacticSeq1Indented took 0.0413ms
tactic execution of Lean.Parser.Tactic.tacticSeq took 0.0462ms
instantiate metavars took 0.0059ms
instantiate metavars took 0.0007ms
instantiate metavars took 0.0005ms
instantiate metavars took 0.0004ms
instantiate metavars took 0.0004ms
share common exprs took 0.0791ms
fix level params took 0.017ms
let-to-have transformation took 0.0086ms
attribute application took 0.0058ms
attribute application took 0.0015ms
process pre-definitions took 0.183ms
elaboration took 0.564ms
type checking took 0.199ms
type checking took 0.308ms
linting took 0.441ms
attribute application took 0.0059ms
typeclass inference of OfNat took 0.288ms
typeclass inference of OfNat took 0.229ms
typeclass inference of OfNat took 0.144ms
typeclass inference of Neg took 0.0963ms
typeclass inference of OfNat took 0.156ms
typeclass inference of OfNat took 0.0166ms
typeclass inference of OfNat took 0.0159ms
instantiate metavars took 0.0295ms
instantiate metavars took 0.0016ms
let-to-have transformation took 0.0117ms
attribute application took 0.005ms
attribute application took 0.0028ms
elaboration took 4.36ms
typeclass inference of Decidable took 0.631ms
type checking took 1.33s
compilation (LCNF base) took 1.37ms
compilation (LCNF mono) took 0.193ms
compilation (LCNF mono) took 0.591ms
compilation (LCNF impure) took 0.524ms
compilation (IR) took 0.0843ms
interpretation of native_640._native.native_decide.decl_1_1 took 8.31ms
tactic execution of Lean.Parser.Tactic.nativeDecide took 1.87ms
tactic execution of Lean.Parser.Tactic.tacticSeq1Indented took 0.0337ms
tactic execution of Lean.Parser.Tactic.tacticSeq took 0.0343ms
instantiate metavars took 0.0075ms
instantiate metavars took 0.0012ms
instantiate metavars took 0.0009ms
instantiate metavars took 0.0011ms
instantiate metavars took 0.001ms
share common exprs took 0.112ms
fix level params took 0.0202ms
let-to-have transformation took 0.0097ms
attribute application took 0.007ms
attribute application took 0.0031ms
process pre-definitions took 0.248ms
elaboration took 0.645ms
type checking took 0.202ms
type checking took 0.186ms
linting took 0.392ms
attribute application took 0.0071ms
typeclass inference of OfNat took 0.209ms
typeclass inference of OfNat took 0.211ms
typeclass inference of OfNat took 0.133ms
typeclass inference of Neg took 0.152ms
typeclass inference of OfNat took 0.182ms
typeclass inference of OfNat took 0.0204ms
typeclass inference of OfNat took 0.0149ms
instantiate metavars took 0.0262ms
instantiate metavars took 0.0008ms
let-to-have transformation took 0.0069ms
attribute application took 0.0068ms
attribute application took 0.0033ms
elaboration took 5ms
typeclass inference of Decidable took 0.66ms
type checking took 1.33s
compilation (LCNF base) took 1.41ms
compilation (LCNF mono) took 0.194ms
compilation (LCNF mono) took 0.609ms
compilation (LCNF impure) took 0.56ms
compilation (IR) took 0.0786ms
interpretation of native_1280._native.native_decide.decl_1_1 took 10.7ms
tactic execution of Lean.Parser.Tactic.nativeDecide took 2ms
tactic execution of Lean.Parser.Tactic.tacticSeq1Indented took 0.056ms
tactic execution of Lean.Parser.Tactic.tacticSeq took 0.0667ms
instantiate metavars took 0.0067ms
instantiate metavars took 0.0013ms
instantiate metavars took 0.0009ms
instantiate metavars took 0.0011ms
instantiate metavars took 0.001ms
share common exprs took 0.129ms
fix level params took 0.0198ms
let-to-have transformation took 0.0095ms
attribute application took 0.0069ms
attribute application took 0.0031ms
process pre-definitions took 0.203ms
elaboration took 0.653ms
type checking took 0.2ms
type checking took 0.197ms
linting took 0.266ms
elaboration took 0.548ms
linting took 0.102ms
attribute application took 0.0058ms
instantiate metavars took 0.005ms
instantiate metavars took 0.0008ms
typeclass inference of OfNat took 0.141ms
typeclass inference of OfNat took 0.0099ms
typeclass inference of OfNat took 0.161ms
typeclass inference of OfNat took 0.165ms
typeclass inference of OfNat took 0.109ms
typeclass inference of OfNat took 0.0802ms
instantiate metavars took 0.0084ms
instantiate metavars took 0.0007ms
instantiate metavars took 0.0003ms
instantiate metavars took 0.0004ms
instantiate metavars took 0.0004ms
share common exprs took 0.0276ms
fix level params took 0.0073ms
let-to-have transformation took 0.0046ms
let-to-have transformation took 0.0051ms
attribute application took 0.0059ms
attribute application took 0.0018ms
process pre-definitions took 0.303ms
elaboration took 2.78ms
type checking took 0.0922ms
compilation (LCNF base) took 1.06ms
compilation (LCNF mono) took 0.201ms
compilation (LCNF mono) took 0.673ms
compilation (LCNF impure) took 0.687ms
compilation (IR) took 0.0955ms
linting took 0.337ms
attribute application took 0.0036ms
instantiate metavars took 0.003ms
instantiate metavars took 0.0006ms
typeclass inference of OfNat took 0.113ms
typeclass inference of OfNat took 0.101ms
instantiate metavars took 0.006ms
instantiate metavars took 0.0007ms
instantiate metavars took 0.0003ms
instantiate metavars took 0.0003ms
instantiate metavars took 0.0002ms
share common exprs took 0.0235ms
fix level params took 0.0068ms
let-to-have transformation took 0.0034ms
let-to-have transformation took 0.0025ms
attribute application took 0.0039ms
attribute application took 0.0014ms
process pre-definitions took 0.211ms
elaboration took 1.47ms
type checking took 0.149ms
compilation (LCNF base) took 0.417ms
compilation (LCNF mono) took 0.0963ms
compilation (LCNF mono) took 0.275ms
compilation (LCNF impure) took 0.217ms
compilation (IR) took 0.0398ms
linting took 0.404ms
attribute application took 0.0039ms
typeclass inference of OfNat took 0.119ms
typeclass inference of OfNat took 0.124ms
typeclass inference of OfNat took 0.281ms
typeclass inference of BEq took 1.58ms
typeclass inference of OfNat took 0.16ms
instantiate metavars took 0.0146ms
instantiate metavars took 0.0015ms
let-to-have transformation took 0.0109ms
attribute application took 0.0053ms
attribute application took 0.0026ms
elaboration took 2.03ms
typeclass inference of Decidable took 0.615ms
typeclass inference of Decidable took 0.0179ms
tactic execution of Lean.Parser.Tactic.decide took 14.6ms
tactic execution of Lean.Parser.Tactic.tacticSeq1Indented took 0.0697ms
tactic execution of Lean.Parser.Tactic.tacticSeq took 0.0532ms
instantiate metavars took 0.0042ms
instantiate metavars took 0.0004ms
instantiate metavars took 0.0003ms
instantiate metavars took 0.0006ms
instantiate metavars took 0.0004ms
share common exprs took 0.0494ms
fix level params took 0.0113ms
let-to-have transformation took 0.0059ms
attribute application took 0.005ms
attribute application took 0.0014ms
process pre-definitions took 0.194ms
elaboration took 0.719ms
type checking took 9.9ms
linting took 0.41ms
attribute application took 0.0063ms
typeclass inference of OfNat took 0.226ms
typeclass inference of GetElem? took 0.367ms
typeclass inference of OfNat took 0.137ms
typeclass inference of GetElem? took 0.293ms
typeclass inference of OfNat took 0.183ms
typeclass inference of OfNat took 0.123ms
typeclass inference of GetElem? took 0.303ms
typeclass inference of OfNat took 0.126ms
typeclass inference of Neg took 0.14ms
typeclass inference of OfNat took 0.124ms
typeclass inference of GetElem? took 0.289ms
typeclass inference of OfNat took 0.141ms
typeclass inference of Neg took 0.146ms
typeclass inference of CoeT took 0.198ms
typeclass inference of CoeT took 0.186ms
typeclass inference of OfNat took 0.129ms
typeclass inference of GetElem? took 0.31ms
typeclass inference of OfNat took 0.141ms
typeclass inference of Neg took 0.115ms
typeclass inference of OfNat took 0.115ms
typeclass inference of GetElem? took 0.319ms
typeclass inference of OfNat took 0.125ms
typeclass inference of Neg took 0.102ms
typeclass inference of OfNat took 0.11ms
typeclass inference of GetElem? took 0.286ms
typeclass inference of OfNat took 0.121ms
typeclass inference of Neg took 0.1ms
typeclass inference of OfNat took 0.118ms
typeclass inference of GetElem? took 0.31ms
typeclass inference of OfNat took 0.185ms
typeclass inference of OfNat took 0.149ms
typeclass inference of GetElem? took 0.304ms
typeclass inference of OfNat took 0.121ms
typeclass inference of GetElem? took 0.559ms
typeclass inference of GetElem? took 0.979ms
instantiate metavars took 0.0265ms
instantiate metavars took 0.0015ms
let-to-have transformation took 0.0131ms
attribute application took 0.0061ms
attribute application took 0.0029ms
elaboration took 3.97ms
typeclass inference of Decidable took 1.61ms
typeclass inference of Decidable took 0.0192ms
tactic execution of Lean.Parser.Tactic.decide took 9.73ms
tactic execution of Lean.Parser.Tactic.tacticSeq1Indented took 0.0536ms
tactic execution of Lean.Parser.Tactic.tacticSeq took 0.0581ms
instantiate metavars took 0.0057ms
instantiate metavars took 0.0009ms
instantiate metavars took 0.0006ms
instantiate metavars took 0.0006ms
instantiate metavars took 0.0005ms
share common exprs took 0.0855ms
fix level params took 0.0181ms
let-to-have transformation took 0.0087ms
attribute application took 0.0051ms
attribute application took 0.0012ms
process pre-definitions took 0.224ms
elaboration took 0.884ms
type checking took 6.89ms
linting took 0.33ms
attribute application took 0.006ms
instantiate metavars took 0.0066ms
instantiate metavars took 0.0013ms
typeclass inference of CoeT took 1.49ms
typeclass inference of OfNat took 0.236ms
typeclass inference of OfNat took 0.146ms
typeclass inference of HMul took 0.583ms
typeclass inference of HAdd took 0.543ms
typeclass inference of HAdd took 0.635ms
typeclass inference of HMul took 0.653ms
typeclass inference of OfNat took 0.178ms
typeclass inference of OfNat took 0.197ms
typeclass inference of OfNat took 0.171ms
typeclass inference of OfNat took 0.16ms
typeclass inference of OfNat took 0.158ms
typeclass inference of HSub took 0.884ms
typeclass inference of HSub took 0.678ms
typeclass inference of OfNat took 0.018ms
instantiate metavars took 0.0215ms
instantiate metavars took 0.0017ms
instantiate metavars took 0.0011ms
instantiate metavars took 0.0012ms
instantiate metavars took 0.0011ms
share common exprs took 0.102ms
fix level params took 0.0154ms
let-to-have transformation took 0.0061ms
let-to-have transformation took 0.0065ms
attribute application took 0.0077ms
attribute application took 0.0045ms
process pre-definitions took 0.72ms
elaboration took 7.19ms
type checking took 0.314ms
compilation (LCNF base) took 3.32ms
compilation (LCNF mono) took 1.18ms
compilation (LCNF mono) took 0.18ms
compilation (LCNF impure) took 0.162ms
compilation (IR) took 0.0416ms
compilation (LCNF mono) took 0.306ms
compilation (LCNF impure) took 0.232ms
compilation (IR) took 0.367ms
linting took 0.588ms
attribute application took 0.0066ms
typeclass inference of OfNat took 0.213ms
typeclass inference of OfNat took 0.0181ms
typeclass inference of OfNat took 0.0157ms
typeclass inference of OfNat took 0.0147ms
typeclass inference of OfNat took 0.0144ms
typeclass inference of OfNat took 0.199ms
typeclass inference of OfNat took 0.2ms
typeclass inference of OfNat took 0.0172ms
typeclass inference of OfNat took 0.0149ms
typeclass inference of OfNat took 0.0144ms
typeclass inference of OfNat took 0.0147ms
typeclass inference of OfNat took 0.0163ms
typeclass inference of OfNat took 0.0089ms
typeclass inference of OfNat took 0.0208ms
instantiate metavars took 0.038ms
instantiate metavars took 0.0014ms
let-to-have transformation took 0.0193ms
attribute application took 0.0055ms
attribute application took 0.0028ms
elaboration took 8.3ms
typeclass inference of Decidable took 1.33ms
typeclass inference of Decidable took 0.0253ms
tactic execution of Lean.Parser.Tactic.decide took 11.8ms
tactic execution of Lean.Parser.Tactic.tacticSeq1Indented took 0.0531ms
tactic execution of Lean.Parser.Tactic.tacticSeq took 0.0681ms
instantiate metavars took 0.0064ms
instantiate metavars took 0.0015ms
instantiate metavars took 0.0011ms
instantiate metavars took 0.0013ms
instantiate metavars took 0.0011ms
share common exprs took 0.144ms
fix level params took 0.0253ms
let-to-have transformation took 0.0123ms
attribute application took 0.0083ms
attribute application took 0.0034ms
process pre-definitions took 0.439ms
elaboration took 1.89ms
type checking took 5.05ms
linting took 0.487ms
attribute application took 0.0072ms
typeclass inference of OfNat took 0.219ms
typeclass inference of OfNat took 0.215ms
typeclass inference of OfNat took 0.144ms
typeclass inference of Neg took 0.101ms
typeclass inference of OfNat took 0.182ms
typeclass inference of OfNat took 0.018ms
typeclass inference of OfNat took 0.0165ms
instantiate metavars took 0.022ms
instantiate metavars took 0.0018ms
let-to-have transformation took 0.0133ms
attribute application took 0.005ms
attribute application took 0.0032ms
elaboration took 4.38ms
typeclass inference of Decidable took 0.61ms
typeclass inference of Decidable took 0.0188ms
tactic execution of Lean.Parser.Tactic.decide took 40ms
tactic execution of Lean.Parser.Tactic.tacticSeq1Indented took 0.0585ms
tactic execution of Lean.Parser.Tactic.tacticSeq took 0.0378ms
instantiate metavars took 0.0087ms
instantiate metavars took 0.001ms
instantiate metavars took 0.0006ms
instantiate metavars took 0.0005ms
instantiate metavars took 0.0004ms
share common exprs took 0.0913ms
fix level params took 0.0217ms
let-to-have transformation took 0.0102ms
attribute application took 0.0096ms
attribute application took 0.0039ms
process pre-definitions took 0.528ms
elaboration took 1.57ms
type checking took 21.8ms
linting took 0.276ms
attribute application took 0.0066ms
typeclass inference of OfNat took 0.206ms
typeclass inference of OfNat took 0.214ms
typeclass inference of OfNat took 0.144ms
typeclass inference of Neg took 0.1ms
typeclass inference of OfNat took 0.188ms
typeclass inference of OfNat took 0.0279ms
typeclass inference of OfNat took 0.0171ms
instantiate metavars took 0.0209ms
instantiate metavars took 0.0015ms
let-to-have transformation took 0.0134ms
attribute applparsing took 0.0638ms
parsing took 0.0342ms
parsing took 0.0241ms
parsing took 0.0027ms
ication took 0.0069ms
attribute application took 0.0034ms
elaboration took 4.49ms
typeclass inference of Decidable took 0.726ms
type checking took 1.35s
compilation (LCNF base) took 1.42ms
compilation (LCNF mono) took 0.224ms
compilation (LCNF mono) took 0.781ms
compilation (LCNF impure) took 0.328ms
compilation (IR) took 0.0591ms
interpretation of corrupted_rejected_native._native.native_decide.decl_1_1 took 3.85ms
tactic execution of Lean.Parser.Tactic.nativeDecide took 1.71ms
tactic execution of Lean.Parser.Tactic.tacticSeq1Indented took 0.0299ms
tactic execution of Lean.Parser.Tactic.tacticSeq took 0.033ms
instantiate metavars took 0.005ms
instantiate metavars took 0.0006ms
instantiate metavars took 0.0003ms
instantiate metavars took 0.0004ms
instantiate metavars took 0.0003ms
share common exprs took 0.106ms
fix level params took 0.0126ms
let-to-have transformation took 0.007ms
attribute application took 0.0047ms
attribute application took 0.0009ms
process pre-definitions took 0.123ms
elaboration took 0.467ms
type checking took 0.14ms
type checking took 0.324ms
linting took 0.415ms
'corrupted_rejected_kernel' does not depend on any axioms
elaboration took 1.36s
linting took 0.115ms
'catalan_jet_ok' does not depend on any axioms
elaboration took 0.628ms
linting took 0.0905ms
'kernel_1280' does not depend on any axioms
elaboration took 0.285ms
linting took 0.154ms
'native_1280' depends on axioms: [native_1280._native.native_decide.ax_1_1]
elaboration took 0.97ms
linting took 0.0831ms
elaboration took 0.0787ms
linting took 0.0458ms
module linting took 0.26ms
cumulative profiling times:
	attribute application 0.327ms
	compilation (IR) 0.981ms
	compilation (LCNF base) 14.5ms
	compilation (LCNF impure) 4.14ms
	compilation (LCNF mono) 7.83ms
	elaboration 1.48s
	fix level params 0.303ms
	instantiate metavars 0.507ms
	interpretation 50.8ms
	let-to-have transformation 0.333ms
	linting 17.5ms
	module linting 0.257ms
	parsing 8.79ms
	process pre-definitions 5.37ms
	share common exprs 1.66ms
	tactic execution 1.51s
	type checking 8.95s
	typeclass inference 39.5ms

real	1m5.826s
user	0m0.015s
sys	0m0.062s
