HeatherEvenRepaired.lean:8:53: warning: Variable name `h_v0` is not explicitly referenced.

The binding can be removed (if unused) or named `_` (if used implicitly).

Note: This linter can be disabled with `set_option linter.unusedVariables false`
HeatherEvenRepaired.lean:10:13: warning: This simp argument is unused:
  List.length_append

Hint: Omit it from the simp argument list.
  simp only [List.length_a̵p̵p̵e̵n̵d̵,̵ ̵L̵i̵s̵t̵.̵l̵e̵n̵g̵t̵h̵_̵reverse, List.length_nil, List.length_cons]

Note: This linter can be disabled with `set_option linter.unusedSimpArgs false`
HeatherEvenRepaired.lean:10:54: warning: This simp argument is unused:
  List.length_nil

Hint: Omit it from the simp argument list.
  simp only [List.length_append, List.length_reverse, List.length_n̵i̵l̵,̵ ̵L̵i̵s̵t̵.̵l̵e̵n̵g̵t̵h̵_̵cons]

Note: This linter can be disabled with `set_option linter.unusedSimpArgs false`
HeatherEvenRepaired.lean:10:71: warning: This simp argument is unused:
  List.length_cons

Hint: Omit it from the simp argument list.
  simp only [List.length_append, List.length_reverse, List.length_nil,̵ ̵L̵i̵s̵t̵.̵l̵e̵n̵g̵t̵h̵_̵c̵o̵n̵s̵]

Note: This linter can be disabled with `set_option linter.unusedSimpArgs false`
HeatherEvenRepaired.lean:11:12: warning: this tactic is never executed

Note: This linter can be disabled with `set_option linter.unreachableTactic false`
HeatherEvenRepaired.lean:11:2: warning: 'all_goals omega' tactic does nothing

Note: This linter can be disabled with `set_option linter.unusedTactic false`
