ShadowCompose.lean:16:20: error: Application type mismatch: The argument
  f_1
has type
  A → A
of sort `Type u` but is expected to have type
  Type ?u.7
of sort `Type (?u.7 + 1)` in the application
  compose f_1
ShadowCompose.lean:16:38: error: Application type mismatch: The argument
  f_1
has type
  A → A
of sort `Type u` but is expected to have type
  Type ?u.10
of sort `Type (?u.10 + 1)` in the application
  compose f_1
ShadowCompose.lean:17:37: error: Application type mismatch: The argument
  f_1
has type
  A → A
of sort `Type u` but is expected to have type
  Type ?u.15
of sort `Type (?u.15 + 1)` in the application
  compose f_1
ShadowCompose.lean:17:55: error: Application type mismatch: The argument
  f_1
has type
  A → A
of sort `Type u` but is expected to have type
  Type ?u.18
of sort `Type (?u.18 + 1)` in the application
  compose f_1
ShadowCompose.lean:17:86: error: Application type mismatch: The argument
  f_1
has type
  A → A
of sort `Type u` but is expected to have type
  Type ?u.22
of sort `Type (?u.22 + 1)` in the application
  compose f_1
ShadowCompose.lean:16:50: error: unsolved goals
A : Type u
f_1 : A → A
⊢ Same sorry sorry
